BL51 BANKED LINKER/LOCATER V6.22                                                        07/06/2017  16:39:56  PAGE 1


BL51 BANKED LINKER/LOCATER V6.22, INVOKED BY:
C:\KEIL\C51\BIN\BL51.EXE ´®¿ÚÖÐ¶Ï.obj TO ´®¿ÚÖÐ¶Ï RAMSIZE (256)


MEMORY MODEL: SMALL


INPUT MODULES INCLUDED:
  ´®¿ÚÖÐ¶Ï.obj (´®¿Ú_Ð¶Ï)
  C:\KEIL\C51\LIB\C51S.LIB (?C_STARTUP)
  C:\KEIL\C51\LIB\C51S.LIB (?C_INIT)


LINK MAP OF MODULE:  ´®¿ÚÖÐ¶Ï (´®¿Ú_Ð¶Ï)


            TYPE    BASE      LENGTH    RELOCATION   SEGMENT NAME
            -----------------------------------------------------

            * * * * * * *   D A T A   M E M O R Y   * * * * * * *
            REG     0000H     0008H     ABSOLUTE     "REG BANK 0"
            DATA    0008H     0005H     UNIT         ?DT?´®¿Ú_Ð¶Ï
            IDATA   000DH     0001H     UNIT         ?STACK

            * * * * * * *   C O D E   M E M O R Y   * * * * * * *
            CODE    0000H     0003H     ABSOLUTE     
            CODE    0003H     0016H     UNIT         ?PR?RS232_INIT?´®¿Ú_Ð¶Ï
            CODE    0019H     0007H     UNIT         ?CO?´®¿Ú_Ð¶Ï
                    0020H     0003H                  *** GAP ***
            CODE    0023H     0003H     ABSOLUTE     
            CODE    0026H     008CH     UNIT         ?C_C51STARTUP
            CODE    00B2H     0041H     UNIT         ?PR?MAIN?´®¿Ú_Ð¶Ï
            CODE    00F3H     0028H     UNIT         ?PR?SER?´®¿Ú_Ð¶Ï
            CODE    011BH     0004H     UNIT         ?C_INITSEG



OVERLAY MAP OF MODULE:   ´®¿ÚÖÐ¶Ï (´®¿Ú_Ð¶Ï)


SEGMENT
  +--> CALLED SEGMENT
---------------------
?C_C51STARTUP
  +--> ?PR?MAIN?´®¿Ú_Ð¶Ï
  +--> ?C_INITSEG

?PR?MAIN?´®¿Ú_Ð¶Ï
  +--> ?PR?RS232_INIT?´®¿Ú_Ð¶Ï
  +--> ?CO?´®¿Ú_Ð¶Ï



SYMBOL TABLE OF MODULE:  ´®¿ÚÖÐ¶Ï (´®¿Ú_Ð¶Ï)

  VALUE           TYPE          NAME
  ----------------------------------

BL51 BANKED LINKER/LOCATER V6.22                                                      07/06/2017  16:39:56  PAGE 2


  -------         MODULE        ´®¿Ú_Ð¶Ï
  C:0000H         SYMBOL        _ICE_DUMMY_
  D:0090H         PUBLIC        P1
  D:00B0H         PUBLIC        P3
  B:00A8H.7       PUBLIC        EA
  C:0019H         PUBLIC        table
  D:00A8H         PUBLIC        IE
  C:0003H         PUBLIC        rs232_init
  B:00A8H.4       PUBLIC        ES
  D:00B8H         PUBLIC        IP
  B:0098H.0       PUBLIC        RI
  D:0008H         PUBLIC        flag
  B:0098H.1       PUBLIC        TI
  C:00B2H         PUBLIC        main
  D:0099H         PUBLIC        SBUF
  D:0098H         PUBLIC        SCON
  D:0089H         PUBLIC        TMOD
  D:0088H         PUBLIC        TCON
  D:0009H         PUBLIC        table1
  C:00F3H         PUBLIC        ser
  D:008DH         PUBLIC        TH1
  B:0098H.7       PUBLIC        SM0
  B:0098H.6       PUBLIC        SM1
  D:008BH         PUBLIC        TL1
  B:0088H.6       PUBLIC        TR1
  B:0098H.4       PUBLIC        REN
  D:00C8H         PUBLIC        T2CON
  D:000BH         PUBLIC        i
  D:000CH         PUBLIC        j
  D:00D0H         PUBLIC        PSW
  -------         PROC          MAIN
  C:00B2H         LINE#         11
  C:00B2H         LINE#         12
  C:00B2H         LINE#         13
  C:00B5H         LINE#         14
  C:00B5H         LINE#         15
  C:00B5H         LINE#         16
  C:00BAH         LINE#         17
  C:00BAH         LINE#         18
  C:00BCH         LINE#         19
  C:00BFH         LINE#         20
  C:00BFH         LINE#         21
  C:00C7H         LINE#         22
  C:00CAH         LINE#         23
  C:00CCH         LINE#         24
  C:00D3H         LINE#         25
  C:00D6H         LINE#         26
  C:00D6H         LINE#         27
  C:00DEH         LINE#         28
  C:00E1H         LINE#         29
  C:00E3H         LINE#         30
  C:00EAH         LINE#         31
  C:00EDH         LINE#         32
  C:00EFH         LINE#         33
  C:00F1H         LINE#         34
  C:00F1H         LINE#         35
  -------         ENDPROC       MAIN
BL51 BANKED LINKER/LOCATER V6.22                                                      07/06/2017  16:39:56  PAGE 3


  -------         PROC          RS232_INIT
  C:0003H         LINE#         37
  C:0003H         LINE#         38
  C:0003H         LINE#         39
  C:0006H         LINE#         40
  C:0009H         LINE#         41
  C:000CH         LINE#         42
  C:000EH         LINE#         43
  C:0010H         LINE#         44
  C:0012H         LINE#         45
  C:0014H         LINE#         46
  C:0016H         LINE#         47
  C:0018H         LINE#         48
  -------         ENDPROC       RS232_INIT
  -------         PROC          SER
  C:00F3H         LINE#         49
  C:00FEH         LINE#         51
  C:0100H         LINE#         52
  C:010AH         LINE#         53
  C:010FH         LINE#         54
  C:0112H         LINE#         55
  -------         ENDPROC       SER
  -------         ENDMOD        ´®¿Ú_Ð¶Ï

Program Size: data=14.0 xdata=0 code=284
LINK/LOCATE RUN COMPLETE.  0 WARNING(S),  0 ERROR(S)
