BL51 BANKED LINKER/LOCATER V6.22                                                        07/06/2017  18:05:13  PAGE 1


BL51 BANKED LINKER/LOCATER V6.22, INVOKED BY:
C:\KEIL\C51\BIN\BL51.EXE ÖÐ¶Ï2.obj TO ÖÐ¶Ï2 RAMSIZE (256)


MEMORY MODEL: SMALL


INPUT MODULES INCLUDED:
  ÖÐ¶Ï2.obj (_Ð¶Ï2)
  C:\KEIL\C51\LIB\C51S.LIB (?C_STARTUP)
  C:\KEIL\C51\LIB\C51S.LIB (?C?CLDPTR)
  C:\KEIL\C51\LIB\C51S.LIB (?C?CLDOPTR)
  C:\KEIL\C51\LIB\C51S.LIB (?C_INIT)


LINK MAP OF MODULE:  ÖÐ¶Ï2 (_Ð¶Ï2)


            TYPE    BASE      LENGTH    RELOCATION   SEGMENT NAME
            -----------------------------------------------------

            * * * * * * *   D A T A   M E M O R Y   * * * * * * *
            REG     0000H     0008H     ABSOLUTE     "REG BANK 0"
            DATA    0008H     0005H     UNIT         ?DT?_Ð¶Ï2
            IDATA   000DH     0001H     UNIT         ?STACK

            * * * * * * *   C O D E   M E M O R Y   * * * * * * *
            CODE    0000H     0003H     ABSOLUTE     
            CODE    0003H     001CH     UNIT         ?PR?MAIN?_Ð¶Ï2
                    001FH     0004H                  *** GAP ***
            CODE    0023H     0003H     ABSOLUTE     
            CODE    0026H     008CH     UNIT         ?C_C51STARTUP
            CODE    00B2H     0046H     UNIT         ?C?LIB_CODE
            CODE    00F8H     0035H     UNIT         ?PR?SERINT?_Ð¶Ï2
            CODE    012DH     0019H     UNIT         ?PR?_SENDALL?_Ð¶Ï2
            CODE    0146H     0016H     UNIT         ?PR?INITSER?_Ð¶Ï2
            CODE    015CH     000AH     UNIT         ?PR?_SENDCHAR?_Ð¶Ï2
            CODE    0166H     000AH     UNIT         ?C_INITSEG



OVERLAY MAP OF MODULE:   ÖÐ¶Ï2 (_Ð¶Ï2)


SEGMENT
  +--> CALLED SEGMENT
---------------------
?C_C51STARTUP
  +--> ?PR?MAIN?_Ð¶Ï2
  +--> ?C_INITSEG

?PR?MAIN?_Ð¶Ï2
  +--> ?PR?INITSER?_Ð¶Ï2
  +--> ?PR?_SENDALL?_Ð¶Ï2
  +--> ?PR?_SENDCHAR?_Ð¶Ï2

?PR?_SENDALL?_Ð¶Ï2
  +--> ?PR?_SENDCHAR?_Ð¶Ï2
BL51 BANKED LINKER/LOCATER V6.22                                                      07/06/2017  18:05:13  PAGE 2





SYMBOL TABLE OF MODULE:  ÖÐ¶Ï2 (_Ð¶Ï2)

  VALUE           TYPE          NAME
  ----------------------------------

  -------         MODULE        _Ð¶Ï2
  C:0000H         SYMBOL        _ICE_DUMMY_
  D:0090H         PUBLIC        P1
  D:00B0H         PUBLIC        P3
  B:00A8H.7       PUBLIC        EA
  D:00A8H         PUBLIC        IE
  B:00A8H.4       PUBLIC        ES
  D:00B8H         PUBLIC        IP
  B:0098H.0       PUBLIC        RI
  B:0098H.1       PUBLIC        TI
  D:0008H         PUBLIC        receFlag
  C:0003H         PUBLIC        main
  D:0009H         PUBLIC        sendFlag
  C:015CH         PUBLIC        _sendChar
  D:0099H         PUBLIC        SBUF
  D:0098H         PUBLIC        SCON
  D:0089H         PUBLIC        TMOD
  D:0088H         PUBLIC        TCON
  D:000AH         PUBLIC        table1
  C:012DH         PUBLIC        _sendAll
  D:008DH         PUBLIC        TH1
  B:0098H.7       PUBLIC        SM0
  B:0098H.6       PUBLIC        SM1
  D:008BH         PUBLIC        TL1
  B:0088H.6       PUBLIC        TR1
  C:0146H         PUBLIC        initSer
  B:0098H.4       PUBLIC        REN
  D:00C8H         PUBLIC        T2CON
  D:000CH         PUBLIC        j
  C:00F8H         PUBLIC        serInt
  D:00D0H         PUBLIC        PSW
  -------         PROC          MAIN
  C:0003H         LINE#         19
  C:0003H         LINE#         20
  C:0003H         LINE#         21
  C:0006H         LINE#         22
  C:0006H         LINE#         23
  C:0006H         LINE#         25
  C:000AH         LINE#         26
  C:000AH         LINE#         31
  C:0013H         LINE#         32
  C:0018H         LINE#         34
  C:001BH         LINE#         35
  C:001DH         LINE#         36
  C:001DH         LINE#         37
  -------         ENDPROC       MAIN
  -------         PROC          SERINT
  C:00F8H         LINE#         40
  C:0103H         LINE#         42
BL51 BANKED LINKER/LOCATER V6.22                                                      07/06/2017  18:05:13  PAGE 3


  C:0106H         LINE#         43
  C:0106H         LINE#         44
  C:0108H         LINE#         45
  C:0112H         LINE#         46
  C:0117H         LINE#         48
  C:011AH         LINE#         49
  C:011CH         LINE#         51
  C:011FH         LINE#         52
  C:011FH         LINE#         53
  C:0121H         LINE#         54
  C:0124H         LINE#         55
  C:0124H         LINE#         56
  -------         ENDPROC       SERINT
  -------         PROC          _SENDCHAR
  D:0007H         SYMBOL        Value
  C:015CH         LINE#         59
  C:015CH         LINE#         60
  C:015CH         LINE#         61
  C:015EH         LINE#         62
  C:0161H         LINE#         63
  C:0165H         LINE#         64
  -------         ENDPROC       _SENDCHAR
  -------         PROC          _SENDALL
  D:0001H         SYMBOL        pValue
  C:012DH         LINE#         66
  C:012DH         LINE#         67
  C:012DH         LINE#         69
  C:0135H         LINE#         70
  C:0135H         LINE#         71
  C:013CH         LINE#         72
  C:0143H         LINE#         73
  C:0145H         LINE#         74
  -------         ENDPROC       _SENDALL
  -------         PROC          INITSER
  C:0146H         LINE#         76
  C:0146H         LINE#         77
  C:0146H         LINE#         79
  C:0149H         LINE#         80
  C:014CH         LINE#         81
  C:014FH         LINE#         82
  C:0151H         LINE#         83
  C:0153H         LINE#         84
  C:0155H         LINE#         85
  C:0157H         LINE#         86
  C:0159H         LINE#         87
  C:015BH         LINE#         88
  -------         ENDPROC       INITSER
  -------         ENDMOD        _Ð¶Ï2

  -------         MODULE        ?C?CLDPTR
  C:00B2H         PUBLIC        ?C?CLDPTR
  -------         ENDMOD        ?C?CLDPTR

  -------         MODULE        ?C?CLDOPTR
  C:00CBH         PUBLIC        ?C?CLDOPTR
  -------         ENDMOD        ?C?CLDOPTR

BL51 BANKED LINKER/LOCATER V6.22                                                      07/06/2017  18:05:13  PAGE 4


Program Size: data=14.0 xdata=0 code=364
LINK/LOCATE RUN COMPLETE.  0 WARNING(S),  0 ERROR(S)
